[    0.000000] Initializing cgroup subsys cpuset
[    0.000000] Initializing cgroup subsys cpu
[    0.000000] Initializing cgroup subsys cpuacct
[    0.000000] Linux version 4.4.0-101-generic (buildd@lcy01-amd64-006) (gcc version 5.4.0 20160609 (Ubuntu 5.4.0-6ubuntu1~16.04.5) ) #124-Ubuntu SMP Fri Nov 10 18:29:59 UTC 2017 (Ubuntu 4.4.0-101.124-generic 4.4.95)
[    0.000000] Command line: BOOT_IMAGE=/boot/vmlinuz-4.4.0-101-generic root=UUID=82ca1e17-8bc2-4895-96bb-3c39e5863238 ro console=tty1 console=ttyS0
[    0.000000] KERNEL supported cpus:
[    0.000000]   Intel GenuineIntel
[    0.000000]   AMD AuthenticAMD
[    0.000000]   Centaur CentaurHauls
[    0.000000] x86/fpu: xstate_offset[2]:  576, xstate_sizes[2]:  256
[    0.000000] x86/fpu: Supporting XSAVE feature 0x01: 'x87 floating point registers'
[    0.000000] x86/fpu: Supporting XSAVE feature 0x02: 'SSE registers'
[    0.000000] x86/fpu: Supporting XSAVE feature 0x04: 'AVX registers'
[    0.000000] x86/fpu: Enabled xstate features 0x7, context size is 832 bytes, using 'standard' format.
[    0.000000] x86/fpu: Using 'lazy' FPU context switches.
[    0.000000] e820: BIOS-provided physical RAM map:
[    0.000000] BIOS-e820: [mem 0x0000000000000000-0x000000000009fbff] usable
[    0.000000] BIOS-e820: [mem 0x000000000009fc00-0x000000000009ffff] reserved
[    0.000000] BIOS-e820: [mem 0x00000000000f0000-0x00000000000fffff] reserved
[    0.000000] BIOS-e820: [mem 0x0000000000100000-0x000000003ffeffff] usable
[    0.000000] BIOS-e820: [mem 0x000000003fff0000-0x000000003fffffff] ACPI data
[    0.000000] BIOS-e820: [mem 0x00000000fec00000-0x00000000fec00fff] reserved
[    0.000000] BIOS-e820: [mem 0x00000000fee00000-0x00000000fee00fff] reserved
[    0.000000] BIOS-e820: [mem 0x00000000fffc0000-0x00000000ffffffff] reserved
[    0.000000] NX (Execute Disable) protection: active
[    0.000000] SMBIOS 2.5 present.
[    0.000000] Hypervisor detected: KVM
[    0.000000] e820: last_pfn = 0x3fff0 max_arch_pfn = 0x400000000
[    0.000000] MTRR: Disabled
[    0.000000] x86/PAT: MTRRs disabled, skipping PAT initialization too.
[    0.000000] CPU MTRRs all blank - virtualized system.
[    0.000000] x86/PAT: Configuration [0-7]: WB  WT  UC- UC  WB  WT  UC- UC  
[    0.000000] found SMP MP-table at [mem 0x0009fff0-0x0009ffff] mapped at [ffff88000009fff0]
[    0.000000] Scanning 1 areas for low memory corruption
[    0.000000] RAMDISK: [mem 0x3622e000-0x3710efff]
[    0.000000] ACPI: Early table checksum verification disabled
[    0.000000] ACPI: RSDP 0x00000000000E0000 000024 (v02 VBOX  )
[    0.000000] ACPI: XSDT 0x000000003FFF0030 00003C (v01 VBOX   VBOXXSDT 00000001 ASL  00000061)
[    0.000000] ACPI: FACP 0x000000003FFF00F0 0000F4 (v04 VBOX   VBOXFACP 00000001 ASL  00000061)
[    0.000000] ACPI: DSDT 0x000000003FFF0470 0021C8 (v02 VBOX   VBOXBIOS 00000002 INTL 20100528)
[    0.000000] ACPI: FACS 0x000000003FFF0200 000040
[    0.000000] ACPI: FACS 0x000000003FFF0200 000040
[    0.000000] ACPI: APIC 0x000000003FFF0240 00005C (v02 VBOX   VBOXAPIC 00000001 ASL  00000061)
[    0.000000] ACPI: SSDT 0x000000003FFF02A0 0001CC (v01 VBOX   VBOXCPUT 00000002 INTL 20100528)
[    0.000000] No NUMA configuration found
[    0.000000] Faking a node at [mem 0x0000000000000000-0x000000003ffeffff]
[    0.000000] NODE_DATA(0) allocated [mem 0x3ffeb000-0x3ffeffff]
[    0.000000] kvm-clock: Using msrs 4b564d01 and 4b564d00
[    0.000000] kvm-clock: cpu 0, msr 0:3ffe3001, primary cpu clock
[    0.000000] kvm-clock: using sched offset of 4932233884 cycles
[    0.000000] clocksource: kvm-clock: mask: 0xffffffffffffffff max_cycles: 0x1cd42e4dffb, max_idle_ns: 881590591483 ns
[    0.000000] Zone ranges:
[    0.000000]   DMA      [mem 0x0000000000001000-0x0000000000ffffff]
[    0.000000]   DMA32    [mem 0x0000000001000000-0x000000003ffeffff]
[    0.000000]   Normal   empty
[    0.000000]   Device   empty
[    0.000000] Movable zone start for each node
[    0.000000] Early memory node ranges
[    0.000000]   node   0: [mem 0x0000000000001000-0x000000000009efff]
[    0.000000]   node   0: [mem 0x0000000000100000-0x000000003ffeffff]
[    0.000000] Initmem setup node 0 [mem 0x0000000000001000-0x000000003ffeffff]
[    0.000000] ACPI: PM-Timer IO Port: 0x4008
[    0.000000] IOAPIC[0]: apic_id 2, version 32, address 0xfec00000, GSI 0-23
[    0.000000] ACPI: INT_SRC_OVR (bus 0 bus_irq 0 global_irq 2 dfl dfl)
[    0.000000] ACPI: INT_SRC_OVR (bus 0 bus_irq 9 global_irq 9 high level)
[    0.000000] Using ACPI (MADT) for SMP configuration information
[    0.000000] smpboot: Allowing 2 CPUs, 0 hotplug CPUs
[    0.000000] PM: Registered nosave memory: [mem 0x00000000-0x00000fff]
[    0.000000] PM: Registered nosave memory: [mem 0x0009f000-0x0009ffff]
[    0.000000] PM: Registered nosave memory: [mem 0x000a0000-0x000effff]
[    0.000000] PM: Registered nosave memory: [mem 0x000f0000-0x000fffff]
[    0.000000] e820: [mem 0x40000000-0xfebfffff] available for PCI devices
[    0.000000] Booting paravirtualized kernel on KVM
[    0.000000] clocksource: refined-jiffies: mask: 0xffffffff max_cycles: 0xffffffff, max_idle_ns: 7645519600211568 ns
[    0.000000] setup_percpu: NR_CPUS:512 nr_cpumask_bits:512 nr_cpu_ids:2 nr_node_ids:1
[    0.000000] PERCPU: Embedded 34 pages/cpu @ffff88003fc00000 s98328 r8192 d32744 u1048576
[    0.000000] PV qspinlock hash table entries: 256 (order: 0, 4096 bytes)
[    0.000000] Built 1 zonelists in Node order, mobility grouping on.  Total pages: 257913
[    0.000000] Policy zone: DMA32
[    0.000000] Kernel command line: BOOT_IMAGE=/boot/vmlinuz-4.4.0-101-generic root=UUID=82ca1e17-8bc2-4895-96bb-3c39e5863238 ro console=tty1 console=ttyS0
[    0.000000] PID hash table entries: 4096 (order: 3, 32768 bytes)
[    0.000000] Memory: 997328K/1048120K available (8484K kernel code, 1294K rwdata, 3988K rodata, 1492K init, 1316K bss, 50792K reserved, 0K cma-reserved)
[    0.000000] SLUB: HWalign=64, Order=0-3, MinObjects=0, CPUs=2, Nodes=1
[    0.000000] Hierarchical RCU implementation.
[    0.000000] 	Build-time adjustment of leaf fanout to 64.
[    0.000000] 	RCU restricting CPUs from NR_CPUS=512 to nr_cpu_ids=2.
[    0.000000] RCU: Adjusting geometry for rcu_fanout_leaf=64, nr_cpu_ids=2
[    0.000000] NR_IRQS:33024 nr_irqs:440 16
[    0.000000] Console: colour VGA+ 80x25
[    0.000000] console [tty1] enabled
[    0.000000] console [ttyS0] enabled
[    0.000000] tsc: Detected 1696.074 MHz processor
[   12.659605] Calibrating delay loop (skipped) preset value.. 3392.14 BogoMIPS (lpj=6784296)
[   12.918122] pid_max: default: 32768 minimum: 301
[   12.975784] ACPI: Core revision 20150930
[   13.063588] ACPI: 2 ACPI AML tables successfully acquired and loaded
[   13.262299] Security Framework initialized
[   13.400242] Yama: becoming mindful.
[   13.461105] AppArmor: AppArmor initialized
[   13.608112] Dentry cache hash table entries: 131072 (order: 8, 1048576 bytes)
[   13.825415] Inode-cache hash table entries: 65536 (order: 7, 524288 bytes)
[   14.038076] Mount-cache hash table entries: 2048 (order: 2, 16384 bytes)
[   14.186544] Mountpoint-cache hash table entries: 2048 (order: 2, 16384 bytes)
[   14.407827] Initializing cgroup subsys io
[   14.554208] Initializing cgroup subsys memory
[   14.715057] Initializing cgroup subsys devices
[   14.873573] Initializing cgroup subsys freezer
[   15.032229] Initializing cgroup subsys net_cls
[   15.194931] Initializing cgroup subsys perf_event
[   15.339380] Initializing cgroup subsys net_prio
[   15.390433] Initializing cgroup subsys hugetlb
[   15.469171] Initializing cgroup subsys pids
[   15.565458] CPU: Physical Processor ID: 0
[   15.701561] CPU: Processor Core ID: 0
[   15.819945] mce: CPU supports 0 MCE banks
[   15.965037] Last level iTLB entries: 4KB 1024, 2MB 1024, 4MB 1024
[   16.183570] Last level dTLB entries: 4KB 1024, 2MB 1024, 4MB 1024, 1GB 4
[   16.379355] Freeing SMP alternatives memory: 32K
[   16.550369] ftrace: allocating 32156 entries in 126 pages
[   16.725011] smpboot: APIC(0) Converting physical 0 to logical package 0
[   16.976526] smpboot: Max logical packages: 1
[   17.130924] x2apic enabled
[   17.230495] Switched APIC routing to physical x2apic.
[   17.420491] ..TIMER: vector=0x30 apic1=0 pin1=2 apic2=-1 pin2=-1
[   17.726229] smpboot: CPU0: Intel(R) Core(TM) i3-4005U CPU @ 1.70GHz (family: 0x6, model: 0x45, stepping: 0x1)
[   18.034694] Performance Events: unsupported p6 CPU model 69 no PMU driver, software events only.
[   18.349471] KVM setup paravirtual spinlock
[   18.510688] x86: Booting SMP configuration:
[   18.664200] .... node  #0, CPUs:      #1
[   18.794538] kvm-clock: cpu 1, msr 0:3ffe3041, secondary cpu clock
[   18.972291] mce: CPU supports 0 MCE banks
[   18.987374] x86: Booted up 1 node, 2 CPUs
[   19.096313] smpboot: Total of 2 processors activated (6784.29 BogoMIPS)
[   19.326781] devtmpfs: initialized
[   19.441039] evm: security.selinux
[   19.562783] evm: security.SMACK64
[   19.687203] evm: security.SMACK64EXEC
[   19.804088] evm: security.SMACK64TRANSMUTE
[   19.947384] evm: security.SMACK64MMAP
[   20.079580] evm: security.ima
[   20.171653] evm: security.capability
[   20.199456] clocksource: jiffies: mask: 0xffffffff max_cycles: 0xffffffff, max_idle_ns: 7645041785100000 ns
[   20.546089] futex hash table entries: 512 (order: 3, 32768 bytes)
[   20.751449] pinctrl core: initialized pinctrl subsystem
[   20.927848] RTC time: 23:26:23, date: 12/11/17
[   21.096906] NET: Registered protocol family 16
[   21.262830] cpuidle: using governor ladder
[   21.342827] cpuidle: using governor menu
[   21.472655] PCCT header not found.
[   21.587825] ACPI: bus type PCI registered
[   21.726499] acpiphp: ACPI Hot Plug PCI Controller Driver version: 0.5
[   21.936137] PCI: Using configuration type 1 for base access
[   22.117049] ACPI: Added _OSI(Module Device)
[   22.270410] ACPI: Added _OSI(Processor Device)
[   22.418407] ACPI: Added _OSI(3.0 _SCP Extensions)
[   22.517678] ACPI: Added _OSI(Processor Aggregator Device)
[   22.701326] ACPI: Executed 1 blocks of module-level executable AML code
[   22.930599] ACPI: Interpreter enabled
[   23.055476] ACPI: (supports S0 S5)
[   23.179133] ACPI: Using IOAPIC for interrupt routing
[   23.350700] PCI: Using host bridge windows from ACPI; if necessary, use "pci=nocrs" and report a bug
[   23.671626] ACPI: PCI Root Bridge [PCI0] (domain 0000 [bus 00-ff])
[   23.898540] acpi PNP0A03:00: _OSC: OS supports [ASPM ClockPM Segments MSI]
[   24.143900] acpi PNP0A03:00: _OSC failed (AE_NOT_FOUND); disabling ASPM
[   24.376133] acpi PNP0A03:00: fail to add MMCONFIG information, can't access extended PCI configuration space under this bridge.
[   24.747518] PCI host bridge to bus 0000:00
[   24.867267] pci_bus 0000:00: root bus resource [io  0x0000-0x0cf7 window]
[   25.101816] pci_bus 0000:00: root bus resource [io  0x0d00-0xffff window]
[   25.354978] pci_bus 0000:00: root bus resource [mem 0x000a0000-0x000bffff window]
[   25.564138] pci_bus 0000:00: root bus resource [mem 0x40000000-0xffdfffff window]
[   25.756438] pci_bus 0000:00: root bus resource [bus 00-ff]
[   25.960826] pci 0000:00:01.1: legacy IDE quirk: reg 0x10: [io  0x01f0-0x01f7]
[   26.190265] pci 0000:00:01.1: legacy IDE quirk: reg 0x14: [io  0x03f6]
[   26.428526] pci 0000:00:01.1: legacy IDE quirk: reg 0x18: [io  0x0170-0x0177]
[   26.666329] pci 0000:00:01.1: legacy IDE quirk: reg 0x1c: [io  0x0376]
[   26.929173] pci 0000:00:07.0: quirk: [io  0x4000-0x403f] claimed by PIIX4 ACPI
[   27.175831] pci 0000:00:07.0: quirk: [io  0x4100-0x410f] claimed by PIIX4 SMB
[   27.408343] ACPI: PCI Interrupt Link [LNKA] (IRQs 5 9 10 *11)
[   27.584265] ACPI: PCI Interrupt Link [LNKB] (IRQs 5 9 10 *11)
[   27.737703] ACPI: PCI Interrupt Link [LNKC] (IRQs 5 9 *10 11)
[   27.905393] ACPI: PCI Interrupt Link [LNKD] (IRQs 5 *9 10 11)
[   28.077721] ACPI: Enabled 2 GPEs in block 00 to 07
[   28.231637] vgaarb: setting as boot device: PCI:0000:00:02.0
[   28.423706] vgaarb: device added: PCI:0000:00:02.0,decodes=io+mem,owns=io+mem,locks=none
[   28.682530] vgaarb: loaded
[   28.776011] vgaarb: bridge control possible 0000:00:02.0
[   28.973862] SCSI subsystem initialized
[   29.101092] ACPI: bus type USB registered
[   29.232423] usbcore: registered new interface driver usbfs
[   29.423743] usbcore: registered new interface driver hub
[   29.591800] usbcore: registered new device driver usb
[   29.761302] PCI: Using ACPI for IRQ routing
[   29.922883] NetLabel: Initializing
[   30.030061] NetLabel:  domain hash size = 128
[   30.179472] NetLabel:  protocols = UNLABELED CIPSOv4
[   30.351727] NetLabel:  unlabeled traffic allowed by default
[   30.544732] amd_nb: Cannot enumerate AMD northbridges
[   30.689643] clocksource: Switched to clocksource kvm-clock
[   30.868790] AppArmor: AppArmor Filesystem Enabled
[   31.051329] pnp: PnP ACPI init
[   31.166041] pnp: PnP ACPI: found 3 devices
[   31.303086] clocksource: acpi_pm: mask: 0xffffff max_cycles: 0xffffff, max_idle_ns: 2085701024 ns
[   31.627043] NET: Registered protocol family 2
[   31.784539] TCP established hash table entries: 8192 (order: 4, 65536 bytes)
[   31.891230] TCP bind hash table entries: 8192 (order: 5, 131072 bytes)
[   32.130013] TCP: Hash tables configured (established 8192 bind 8192)
[   32.356539] UDP hash table entries: 512 (order: 2, 16384 bytes)
[   32.582758] UDP-Lite hash table entries: 512 (order: 2, 16384 bytes)
[   32.839723] NET: Registered protocol family 1
[   33.013810] pci 0000:00:00.0: Limiting direct PCI/PCI transfers
[   33.115154] pci 0000:00:01.0: Activating ISA DMA hang workarounds
[   33.359028] Unpacking initramfs...
[   33.987899] Freeing initrd memory: 15236K
[   34.122450] RAPL PMU detected, API unit is 2^-32 Joules, 4 fixed counters 10737418240 ms ovfl timer
[   34.357647] hw unit of domain pp0-core 2^-0 Joules
[   34.527015] hw unit of domain package 2^-0 Joules
[   34.706432] hw unit of domain dram 2^-0 Joules
[   34.875472] hw unit of domain pp1-gpu 2^-0 Joules
[   35.033546] platform rtc_cmos: registered platform RTC device (no PNP device found)
[   35.196377] Scanning for low memory corruption every 60 seconds
[   35.359719] audit: initializing netlink subsys (disabled)
[   35.560789] audit: type=2000 audit(1513034774.975:1): initialized
[   35.794205] Initialise system trusted keyring
[   35.939041] HugeTLB registered 2 MB page size, pre-allocated 0 pages
[   36.196537] tsc: Refined TSC clocksource calibration: 1696.228 MHz
[   36.430731] clocksource: tsc: mask: 0xffffffffffffffff max_cycles: 0x18733bfe85c, max_idle_ns: 440795262575 ns
[   36.433719] zbud: loaded
[   36.434014] VFS: Disk quotas dquot_6.6.0
[   36.434110] VFS: Dquot-cache hash table entries: 512 (order 0, 4096 bytes)
[   36.434484] squashfs: version 4.0 (2009/01/31) Phillip Lougher
[   37.120869] fuse init (API version 7.23)
[   37.261066] Key type big_key registered
[   37.405425] Allocating IMA MOK and blacklist keyrings.
[   37.612660] Key type asymmetric registered
[   37.675460] Asymmetric key parser 'x509' registered
[   37.818027] Block layer SCSI generic (bsg) driver version 0.4 loaded (major 249)
[   38.071200] io scheduler noop registered
[   38.198501] io scheduler deadline registered (default)
[   38.374496] io scheduler cfq registered
[   38.510404] pci_hotplug: PCI Hot Plug PCI Core version: 0.5
[   38.709201] pciehp: PCI Express Hot Plug Controller Driver version: 0.4
[   38.925142] ACPI: AC Adapter [AC] (off-line)
[   39.063024] input: Power Button as /devices/LNXSYSTM:00/LNXPWRBN:00/input/input0
[   39.353027] ACPI: Power Button [PWRF]
[   39.481718] input: Sleep Button as /devices/LNXSYSTM:00/LNXSLPBN:00/input/input1
[   39.746213] ACPI: Sleep Button [SLPF]
[   39.889162] GHES: HEST is not enabled!
[   40.038224] ACPI: Battery Slot [BAT0] (battery present)
ÿ[   40.038381] Serial: 8250/16550 driver, 32 ports, IRQ sharing enabled
[   40.262178] 00:02: ttyS0 at I/O 0x3f8 (irq = 4, base_baud = 115200) is a 16550A
[   40.509129] Linux agpgart interface v0.103
[   40.745608] loop: module loaded
[   40.746752] scsi host0: ata_piix
[   40.746897] scsi host1: ata_piix
[   40.746974] ata1: PATA max UDMA/33 cmd 0x1f0 ctl 0x3f6 bmdma 0xd000 irq 14
[   40.746976] ata2: PATA max UDMA/33 cmd 0x170 ctl 0x376 bmdma 0xd008 irq 15
[   40.747134] libphy: Fixed MDIO Bus: probed
[   40.747139] tun: Universal TUN/TAP device driver, 1.6
[   40.747140] tun: (C) 1999-2004 Max Krasnyansky <maxk@qualcomm.com>
[   40.747220] PPP generic driver version 2.4.2
[   40.747324] ehci_hcd: USB 2.0 'Enhanced' Host Controller (EHCI) Driver
[   40.747332] ehci-pci: EHCI PCI platform driver
[   40.747364] ehci-platform: EHCI generic platform driver
[   40.747384] ohci_hcd: USB 1.1 'Open' Host Controller (OHCI) Driver
[   40.747390] ohci-pci: OHCI PCI platform driver
[   40.747409] ohci-platform: OHCI generic platform driver
[   40.747424] uhci_hcd: USB Universal Host Controller Interface driver
[   40.747538] i8042: PNP: PS/2 Controller [PNP0303:PS2K,PNP0f03:PS2M] at 0x60,0x64 irq 1,12
[   40.894517] serio: i8042 KBD port at 0x60,0x64 irq 1
[   40.894526] serio: i8042 AUX port at 0x60,0x64 irq 12
[   40.894732] mousedev: PS/2 mouse device common for all mice
[   40.895197] rtc_cmos rtc_cmos: rtc core: registered rtc_cmos as rtc0
[   40.895333] rtc_cmos rtc_cmos: alarms up to one day, 114 bytes nvram
[   40.895346] i2c /dev entries driver
[   40.895460] device-mapper: uevent: version 1.0.3
[   40.895549] device-mapper: ioctl: 4.34.0-ioctl (2015-10-28) initialised: dm-devel@redhat.com
[   40.895572] ledtrig-cpu: registered to indicate activity on CPUs
[   40.895972] NET: Registered protocol family 10
[   40.896188] NET: Registered protocol family 17
[   40.896201] Key type dns_resolver registered
[   40.988767] microcode: CPU0 sig=0x40651, pf=0x40, revision=0x0
[   40.988851] microcode: CPU1 sig=0x40651, pf=0x40, revision=0x0
[   40.988962] microcode: Microcode Update Driver: v2.01 <tigran@aivazian.fsnet.co.uk>, Peter Oruba
[   40.989194] registered taskstats version 1
[   40.989222] Loading compiled-in X.509 certificates
[   40.990602] Loaded X.509 cert 'Build time autogenerated kernel key: f91c6829a34a801956ec6287af569c0a1f1f8d39'
[   40.990637] zswap: loaded using pool lzo/zbud
[   40.992833] Key type trusted registered
[   40.997902] Key type encrypted registered
[   40.997913] AppArmor: AppArmor sha1 policy hashing enabled
[   40.997974] ima: No TPM chip found, activating TPM-bypass!
[   40.998011] evm: HMAC attrs: 0x1
[   40.998501]   Magic number: 13:678:453
[   41.086644] rtc_cmos rtc_cmos: setting system clock to 2017-12-11 23:26:43 UTC (1513034803)
[   41.086912] BIOS EDD facility v0.16 2004-Jun-25, 0 devices found
[   41.086913] EDD information not available.
[   41.984238] input: AT Translated Set 2 keyboard as /devices/platform/i8042/serio0/input/input2
[   49.161825] Freeing unused kernel memory: 1492K
[   49.319895] Write protecting the kernel read-only data: 14336k
[   49.534817] Freeing unused kernel memory: 1744K
[   49.677040] Freeing unused kernel memory: 108K
Loading, please [   49.857510] random: systemd-udevd: uninitialized urandom read (16 bytes read, 5 bits of entropy available)
wait...
startin[   49.858541] random: udevadm: uninitialized urandom read (16 bytes read, 5 bits of entropy available)
g version 229
[   49.858565] random: udevadm: uninitialized urandom read (16 bytes read, 5 bits of entropy available)
[   49.869105] random: udevadm: uninitialized urandom read (16 bytes read, 5 bits of entropy available)
[   49.869167] random: udevadm: uninitialized urandom read (16 bytes read, 5 bits of entropy available)
[   49.869339] random: udevadm: uninitialized urandom read (16 bytes read, 5 bits of entropy available)
[   49.869399] random: udevadm: uninitialized urandom read (16 bytes read, 5 bits of entropy available)
[   49.869463] random: udevadm: uninitialized urandom read (16 bytes read, 5 bits of entropy available)
[   49.869520] random: udevadm: uninitialized urandom read (16 bytes read, 5 bits of entropy available)
[   49.869578] random: udevadm: uninitialized urandom read (16 bytes read, 5 bits of entropy available)
[   53.126949] Fusion MPT base driver 3.04.20
[   53.252154] Copyright (c) 1999-2008 LSI Corporation
[   53.414196] e1000: Intel(R) PRO/1000 Network Driver - version 7.3.21-k8-NAPI
[   53.634514] e1000: Copyright (c) 1999-2006 Intel Corporation.
[   53.841078] input: ImExPS/2 Generic Explorer Mouse as /devices/platform/i8042/serio1/input/input4
[   54.131753] AVX version of gcm_enc/dec engaged.
[   54.217329] AES CTR mode by8 optimization enabled
[   54.364848] Fusion MPT SPI Host driver 3.04.20
[   54.745045] e1000 0000:00:03.0 eth0: (PCI:33MHz:32-bit) 02:1b:fc:5d:b5:ff
[   54.986781] e1000 0000:00:03.0 eth0: Intel(R) PRO/1000 Network Connection
[   55.220991] mptbase: ioc0: Initiating bringup
[   55.327314] e1000 0000:00:03.0 enp0s3: renamed from eth0
[   55.510626] ioc0: LSI53C1030 A0: Capabilities={Initiator}
[   55.894030] scsi host2: ioc0: LSI53C1030 A0, FwRev=00000000h, Ports=1, MaxQ=256, IRQ=20
[   56.305722] scsi 2:0:0:0: Direct-Access     VBOX     HARDDISK         1.0  PQ: 0 ANSI: 5
[   56.587119] scsi target2:0:0: Beginning Domain Validation
[   56.774964] floppy0: no floppy controllers found
[   56.951612] scsi target2:0:0: Domain Validation skipping write tests
[   57.189276] scsi target2:0:0: Ending Domain Validation
[   57.355349] scsi target2:0:0: asynchronous
[   57.507178] scsi 2:0:1:0: Direct-Access     VBOX     HARDDISK         1.0  PQ: 0 ANSI: 5
[   57.796247] scsi target2:0:1: Beginning Domain Validation
[   57.988264] scsi target2:0:1: Domain Validation skipping write tests
[   58.230201] scsi target2:0:1: Ending Domain Validation
[   58.409508] scsi target2:0:1: asynchronous
[   58.562396] sd 2:0:0:0: Attached scsi generic sg0 type 0
[   58.625348] sd 2:0:0:0: [sda] 20971520 512-byte logical blocks: (10.7 GB/10.0 GiB)
[   58.864412] sd 2:0:1:0: [sdb] 20480 512-byte logical blocks: (10.5 MB/10.0 MiB)
[   58.998303] sd 2:0:1:0: Attached scsi generic sg1 type 0
[   59.332287] sd 2:0:0:0: [sda] Write Protect is off
[   59.332400] sd 2:0:1:0: [sdb] Write Protect is off
[   59.332536] sd 2:0:1:0: [sdb] Incomplete mode parameter data
[   59.332538] sd 2:0:1:0: [sdb] Assuming drive cache: write through
[   59.530223] sd 2:0:1:0: [sdb] Attached SCSI disk
[   60.199522] sd 2:0:0:0: [sda] Incomplete mode parameter data
[   60.413097] sd 2:0:0:0: [sda] Assuming drive cache: write through
[   60.629266]  sda: sda1
[   60.703940] sd 2:0:0:0: [sda] Attached SCSI disk
Begin: Loading e[   62.517164] md: linear personality registered for level -1
ssential drivers[   62.735273] md: multipath personality registered for level -4
 ... [   62.981265] md: raid0 personality registered for level 0
[   63.189339] md: raid1 personality registered for level 1
[   63.453879] raid6: sse2x1   gen()  5001 MB/s
[   63.637817] raid6: sse2x1   xor()  2320 MB/s
[   63.862135] raid6: sse2x2   gen()  6270 MB/s
[   64.086374] raid6: sse2x2   xor()  4389 MB/s
[   64.310344] raid6: sse2x4   gen()  6172 MB/s
[   64.530035] raid6: sse2x4   xor()  4789 MB/s
[   64.690704] raid6: using algorithm sse2x2 gen() 6270 MB/s
[   64.778873] raid6: .... xor() 4389 MB/s, rmw enabled
[   64.944377] raid6: using ssse3x2 recovery algorithm
[   65.118472] xor: automatically using best checksumming function:
[   65.366094]    avx       : 11192.000 MB/sec
[   65.525409] async_tx: api initialized (async)
[   65.696668] md: raid6 personality registered for level 6
[   65.885338] md: raid5 personality registered for level 5
[   66.044495] md: raid4 personality registered for level 4
[   66.261992] md: raid10 personality registered for level 10
done.
Begin: Running /scripts/init-p[   66.509498] Btrfs loaded
remount ... done.
Begin: Mounting root file system ... Begin: R[   66.672036] EXT4-fs (sda1): INFO: recovery required on readonly filesystem
unning /scripts/[   66.937004] EXT4-fs (sda1): write access will be enabled during recovery
local-top ... done.
Begin: Running /scripts/local-premount ... Scanning for Btrfs filesystems
done.
Warning: fsck not present, so skipping root file system
[   67.436209] EXT4-fs (sda1): recovery complete
[   67.621974] EXT4-fs (sda1): mounted filesystem with ordered data mode. Opts: (null)
done.
Begin: Running /scripts/local-bottom ... done.
Begin: Running /scripts/init-bottom ... done.
[   68.086006] systemd[1]: systemd 229 running in system mode. (+PAM +AUDIT +SELINUX +IMA +APPARMOR +SMACK +SYSVINIT +UTMP +LIBCRYPTSETUP +GCRYPT +GNUTLS +ACL +XZ -LZ4 +SECCOMP +BLKID +ELFUTILS +KMOD -IDN)
[   68.609056] systemd[1]: Detected virtualization oracle.
[   68.803652] systemd[1]: Detected architecture x86-64.

Welcome to [1mUbuntu 16.04.3 LTS[0m!

[   69.071392] systemd[1]: Set hostname to <ubuntu-xenial>.
[   69.289433] random: nonblocking pool is initialized
[   69.729452] systemd[1]: Reached target User and Group Name Lookups.
[[0;32m  OK  [0m] Reached target User and Group Name Lookups.
[   70.091477] systemd[1]: Listening on udev Kernel Socket.
[[0;32m  OK  [0m] Listening on udev Kernel Socket.
[   70.366520] systemd[1]: Listening on /dev/initctl Compatibility Named Pipe.
[[0;32m  OK  [0m] Listening on /dev/initctl Compatibility Named Pipe.
[   70.750768] systemd[1]: Listening on Journal Audit Socket.
[[0;32m  OK  [0m] Listening on Journal Audit Socket.
[   70.922072] systemd[1]: Started Trigger resolvconf update for networkd DNS.
[[0;32m  OK  [0m] Started Trigger resolvconf update for networkd DNS.
[   71.311075] systemd[1]: Reached target Swap.
[[0;32m  OK  [0m] Reached target Swap.
[   71.566986] systemd[1]: Listening on udev Control Socket.
[[0;32m  OK  [0m] Listening on udev Control Socket.
[   71.862851] systemd[1]: Listening on Journal Socket (/dev/log).
[[0;32m  OK  [0m] Listening on Journal Socket (/dev/log).
[   72.170877] systemd[1]: Listening on Journal Socket.
[[0;32m  OK  [0m] Listening on Journal Socket.
[   72.466895] systemd[1]: Listening on LVM2 metadata daemon socket.
[[0;32m  OK  [0m] Listening on LVM2 metadata daemon socket.
[   72.798472] systemd[1]: Listening on Device-mapper event daemon FIFOs.
[[0;32m  OK  [0m] Listening on Device-mapper event daemon FIFOs.
[   73.175271] systemd[1]: Created slice System Slice.
[[0;32m  OK  [0m] Created slice System Slice.
[   73.438874] systemd[1]: Starting Remount Root and Kernel File Systems...
[   73.478018] EXT4-fs (sda1): re-mounted. Opts: (null)
         Starting Remount Root and Kernel File Systems...
[   73.938295] systemd[1]: Starting Set console keymap...
         Starting Set console keymap...
[   74.170239] systemd[1]: Mounting POSIX Message Queue File System...
         Mounting POSIX Message Queue File System...
[   74.474912] systemd[1]: Starting Create list of required static device nodes for the current kernel...
         Starting Create list of required st... nodes for the current kernel...
[   74.951726] systemd[1]: Starting Monitoring of LVM2 mirrors, snapshots etc. using dmeventd or progress polling...
         Starting Monitoring of LVM2 mirrors... dmeventd or progress polling...
[   75.454592] systemd[1]: Starting Uncomplicated firewall...
         Starting Uncomplicated firewall...
[   75.658098] systemd[1]: Mounting Debug File System...
         Mounting Debug File System...
[   75.903858] systemd[1]: Reached target Encrypted Volumes.
[[0;32m  OK  [0m] Reached target Encrypted Volumes.
[   76.206185] systemd[1]: Mounting Huge Pages File System...
         Mounting Huge Pages File System...
[   76.415293] systemd[1]: Created slice User and Session Slice.
[[0;32m  OK  [0m] Created slice User and Session Slice.
[   76.714429] systemd[1]: Listening on Syslog Socket.
[[0;32m  OK  [0m] Listening on Syslog Socket.
[   76.983111] systemd[1]: Starting Journal Service...
         Starting Journal Service...
[   77.198747] systemd[1]: Reached target Slices.
[[0;32m  OK  [0m] Reached target Slices.
[   77.411371] systemd[1]: Created slice system-serial\x2dgetty.slice.
[[0;32m  OK  [0m] Created slice system-serial\x2dgetty.slice.
[   77.754920] systemd[1]: Starting Load Kernel Modules...
         Starting Load Ke[   77.969425] Loading iSCSI transport class v2.0-870.
rnel Modules...[   78.193175] iscsi: registered transport (tcp)

[   78.350703] systemd[1]: Starting Nameserver information manager...
         Starting Nameserver information [   78.581765] iscsi: registered transport (iser)
manager...
[   78.798416] systemd[1]: Set up automount Arbitrary Executable File Formats File System Automount Point.
[[0;32m  OK  [0m] Set up automount Arbitrary Executab...ats File System Automount Point.
[   79.161210] systemd[1]: Started Forward Password Requests to Wall Directory Watch.
[[0;32m  OK  [0m] Started Forward Password Requests to Wall Directory Watch.
[   79.571001] systemd[1]: Listening on LVM2 poll daemon socket.
[[0;32m  OK  [0m] Listening on LVM2 poll daemon socket.
[   79.898283] systemd[1]: Mounted POSIX Message Queue File System.
[[0;32m  OK  [0m] Mounted POSIX Message Queue File System.
[   80.198761] systemd[1]: Mounted Debug File System.
[[0;32m  OK  [0m] Mounted Debug File System.
[   80.442366] systemd[1]: Mounted Huge Pages File System.
[[0;32m  OK  [0m] Mounted Huge Pages File System.
[   80.723460] systemd[1]: Started Journal Service.
[[0;32m  OK  [0m] Started Journal Service.
[[0;32m  OK  [0m] Started Remount Root and Kernel File Systems.
[[0;32m  OK  [0m] Started Set console keymap.
[[0;32m  OK  [0m] Started Create list of required sta...ce nodes for the current kernel.
[[0;32m  OK  [0m] Started Uncomplicated firewall.
[[0;32m  OK  [0m] Started Load Kernel Modules.
[[0;32m  OK  [0m] Started Nameserver information manager.
[[0;32m  OK  [0m] Started LVM2 metadata daemon.
         Mounting FUSE Control File System...
         Starting Apply Kernel Variables...
         Starting Create Static Device Nodes in /dev...
         Starting Initial cloud-init job (pre-networking)...
         Starting Load/Save Random Seed...
         Starting udev Coldplug all Devices...
         Starting Flush Journal to Persistent Storage...
[[0;32m  OK  [0m] Mounted FUSE Control File System.
[[0;32m  OK  [0m] Started Monitoring of LVM2 mirrors,...ng dmeventd or progress polling.
[[0;32m  OK  [0m] Started Apply Kernel Variables.
[[0;32m  OK  [0m] Started Create Static Device Nodes in /dev.
[[0;32m  OK  [0m] Started Load/Save Random Seed.
[[0;32m  OK  [0m] Started udev Coldplug all Devices.
[[0;32m  OK  [0m] Started Flush Journal to Persistent Storage.
         Starting udev Kernel Device Manager...
[[0;32m  OK  [0m] Started udev Kernel Device Manager.
[[0;32m  OK  [0m] Reached target Local File Systems (Pre).
[[0;32m  OK  [0m] Reached target Local File Systems.
         Starting Create Volatile Files and Directories...
         Starting Tell Plymouth To Write Out Runtime Data...
         Starting Set console font and keymap...
         Starting LSB: AppArmor initialization...
[[0;32m  OK  [0m] Started Dispatch Password Requests to Console Directory Watch.
[   54.307357] cloud-init[453]: Cloud-init v. 17.1 running 'init-local' at Mon, 11 Dec 2017 23:27:25 +0000. Up 53.38 seconds.
[[0;32m  OK  [0m] Started Create Volatile Files and Directories.
[[0;32m  OK  [0m] Started Tell Plymouth To Write Out Runtime Data.
[[0;32m  OK  [0m] Started Initial cloud-init job (pre-networking).
[[0;32m  OK  [0m] Found device /dev/ttyS0.
[[0;32m  OK  [0m] Started Set console font and keymap.
[[0;32m  OK  [0m] Started LSB: AppArmor initialization.
[[0;32m  OK  [0m] Listening on Load/Save RF Kill Switch Status /dev/rfkill Watch.
[[0;32m  OK  [0m] Created slice system-getty.slice.
[[0;32m  OK  [0m] Reached target Network (Pre).
         Starting Raise network interfaces...
[[0;32m  OK  [0m] Started ifup for enp0s3.
         Starting Update UTMP about System Boot/Shutdown...
[[0;32m  OK  [0m] Reached target System Time Synchronized.
[[0;32m  OK  [0m] Started Update UTMP about System Boot/Shutdown.
[[0;32m  OK  [0m] Started Raise network interfaces.
         Starting Initial cloud-init job (metadata service crawler)...
[[0;32m  OK  [0m] Reached target Network.
[   58.225094] cloud-init[964]: Cloud-init v. 17.1 running 'init' at Mon, 11 Dec 2017 23:27:29 +0000. Up 57.54 seconds.
[   58.401950] [cloud-init[0;32m  OK  [0m[964]: ] ci-info: +++++++++++++++++++++++++++++++++++++Net device info++++++++++++++++++++++++++++++++++++++Started Initial cloud-init job (metadata service crawler).

[   58.403778] cloud-init[964]: ci-info: +--------+------+----------------------------+---------------+-------+-------------------+
[   58.913489] cloud-init[964]: ci-info: | Device |  Up  |          Address           |      Mask     | Scope |     Hw-Address    |
[   59.125358] [cloud-init[0;32m  OK  [0m[964]: ] ci-info: +--------+------+----------------------------+---------------+-------+-------------------+Reached target System Initialization.

[   59.127094] [cloud-init[0;32m  OK  [0m[964]: ] ci-info: | enp0s3 | True |         10.0.2.15          | 255.255.255.0 |   .   | 02:1b:fc:5d:b5:ff |Listening on ACPID Listen Socket.

[   59.686014]          cloud-initStarting LXD - unix socket.[964]: 
ci-info: | enp0s3 | True | fe80::1b:fcff:fe5d:b5ff/64 |       .       |  link | 02:1b:fc:5d:b5:ff |
[   59.953364] [cloud-init[0;32m  OK  [0m[964]: ] ci-info: |   lo   | True |         127.0.0.1          |   255.0.0.0   |   .   |         .         |Started Timer to automatically refresh installed snaps.

[   59.955148] cloud-init[964]: ci-info: |   lo   | True |          ::1/128           |       .       |  host |         .         |
[   60.485278] [cloud-init[0;32m  OK  [0m[964]: ] ci-info: +--------+------+----------------------------+---------------+-------+-------------------+Started ACPI Events Check.

[[0;32m  OK  [0m] Reached target Paths.
         Starting Socket activation for snappy daemon.
[[0;32m  OK  [0m] Listening on UUID daemon activation socket.
[[0;32m  OK  [0m] Listening on D-Bus System Message Bus Socket.
[   60.487058] cloud-init[964]: ci-info: +++++++++++++++++++++++++++Route IPv4 info++++++++++++++++++++++++++++
[   61.265411] [cloud-init[0;32m  OK  [0m[964]: ] ci-info: +-------+-------------+----------+---------------+-----------+-------+Started Daily Cleanup of Temporary Directories.

[   61.544941] [cloud-init[0;32m  OK  [0m[964]: ] ci-info: | Route | Destination | Gateway  |    Genmask    | Interface | Flags |Reached target Cloud-config availability.

[   61.547130] cloud-init[964]: ci-info: +-------+-------------+----------+---------------+-----------+-------+
[[0;32m  OK  [0m] Reached target Network is Online.
[   61.809056] cloud-init[964]: ci-info: |   0   |   0.0.0.0   | 10.0.2.2 |    0.0.0.0    |   enp0s3  |   UG  |
[   62.201627]          cloud-initStarting iSCSI initiator daemon (iscsid)...[964]: 
ci-info: |   1   |   10.0.2.0  | 0.0.0.0  | 255.255.255.0 |   enp0s3  |   U   |
[   62.453443] [cloud-init[0;32m  OK  [0m[964]: ] ci-info: +-------+-------------+----------+---------------+-----------+-------+Started Daily apt download activities.

[[0;32m  OK  [0m] Started Daily apt upgrade and clean activities.
[[0;32m  OK  [0m] Reached target Timers.
[[0;32m  OK  [0m] Listening on LXD - unix socket.
[[0;32m  OK  [0m] Listening on Socket activation for snappy daemon.
[[0;32m  OK  [0m] Started iSCSI initiator daemon (iscsid).
         Starting Login to default iSCSI targets...
[[0;32m  OK  [0m] Reached target Sockets.
[[0;32m  OK  [0m] Reached target Basic System.
         Starting Login Service...
         Starting Accounts Service...
         Starting LXD - container startup/shutdown...
         Starting Apply the settings specified in cloud-config...
[[0;32m  OK  [0m] Started FUSE filesystem for LXC.
[[0;32m  OK  [0m] Started Deferred execution scheduler.
         Starting Snappy daemon...
         Starting LSB: Record successful boot for GRUB...
[[0;32m  OK  [0m] Started ACPI event daemon.
         Starting OpenBSD Secure Shell server...
         Starting LSB: MD monitoring daemon...
[[0;32m  OK  [0m] Started Unattended Upgrades Shutdown.
[   64.507236] cloud-init[1031]: Cloud-init v. 17.1 running 'modules:config' at Mon, 11 Dec 2017 23:27:36 +0000. Up 64.27 seconds.
[[0;32m  OK  [0m] Started D-Bus System Message Bus.
         Starting /etc/rc.local Compatibility...
         Starting System Logging Service...
[[0;32m  OK  [0m] Started Regular background program processing daemon.
[[0;32m  OK  [0m] Started Snappy daemon.
[[0;32m  OK  [0m] Started OpenBSD Secure Shell server.
[[0;32m  OK  [0m] Started System Logging Service.
[[0;32m  OK  [0m] Started LXD - container startup/shutdown.
[[0;32m  OK  [0m] Started Apply the settings specified in cloud-config.
[[0;32m  OK  [0m] Started /etc/rc.local Compatibility.
[[0;32m  OK  [0m] Started Login to default iSCSI targets.
[[0;32m  OK  [0m] Started LSB: Record successful boot for GRUB.
[[0;32m  OK  [0m] Started LSB: MD monitoring daemon.
[[0;32m  OK  [0m] Started Login Service.
         Starting Authenticate and Authorize Users to Run Privileged Tasks...
[[0;32m  OK  [0m] Reached target Remote File Systems (Pre).
[[0;32m  OK  [0m] Reached target Remote File Systems.
         Starting Permit User Sessions...
         Starting LSB: Set the CPU Frequency Scaling governor to "ondemand"...
         Starting LSB: daemon to balance interrupts for SMP systems...
         Starting LSB: automatic crash report generation...
         Starting LSB: VirtualBox Linux Additions...
[[0;32m  OK  [0m] Started Permit User Sessions.
[[0;32m  OK  [0m] Started Authenticate and Authorize Users to Run Privileged Tasks.
[[0;32m  OK  [0m] Started Accounts Service.
[[0;32m  OK  [0m] Started LSB: Set the CPU Frequency Scaling governor to "ondemand".
[[0;32m  OK  [0m] Started LSB: daemon to balance interrupts for SMP systems.
[[0;32m  OK  [0m] Started LSB: automatic crash report generation.
         Starting Hold until boot process finishes up...
         Starting Terminate Plymouth Boot Screen...
[[0;32m  OK  [0m] Started LSB: VirtualBox Linux Additions.
[[0;32m  OK  [0m] Started Hold until boot process finishes up.
[[0;32m  OK  [0m] Started Terminate Plymouth Boot Screen.
         Starting Set console scheme...
[[0;32m  OK  [0m] Started Serial Getty on ttyS0.
[[0;32m  OK  [0m] Started Getty on tty1.
[[0;32m  OK  [0m] Reached target Login Prompts.
[[0;32m  OK  [0m] Reached target Multi-User System.
[[0;32m  OK  [0m] Reached target Graphical Interface.
         Starting Execute cloud user/final scripts...
         Starting Update UTMP about System Runlevel Changes...
[[0;32m  OK  [0m] Started Set console scheme.
[[0;32m  OK  [0m] Started Update UTMP about System Runlevel Changes.
[   69.697061] cloud-init[1187]: Cloud-init v. 17.1 running 'modules:final' at Mon, 11 Dec 2017 23:27:41 +0000. Up 69.48 seconds.
[[0;32m  OK  [0m] Started Execute cloud user/final scripts.
[   69.888595] cloud-init[1187]: Cloud-init v. 17.1 finished at Mon, 11 Dec 2017 23:27:41 +0000. Datasource DataSourceNoCloud [seed=/dev/sdb][dsmode=net].  Up 69.68 seconds
[[0;32m  OK  [0m] Reached target Cloud-init target.

Ubuntu 16.04.3 LTS ubuntu-xenial ttyS0

ubuntu-xenial login: 